5.00,Georgi Ivanov,Nafarforii Nafarforov
4.50,Petar Peshov,Delcho Nedelchev,Aleksandar Aleksandrov
4.00,Marin Marinov
3.00,Bojidar Nikolov,Dave Mustaine