Nafarforii Nafarforov,5.00
Georgi Ivanov,4.75
Aleksandar Aleksandrov,4.50
Petar Peshov,4.25
Delcho Nedelchev,4.00
Bojidar Nikolov,3.75
Marin Marinov,3.00
Dave Mustaine,2.25