27/09/2013,10,comma_separated_values.csv,10
27/09/2013,10,bank.csv,20
27/09/2013,10,jalt_kolat.rb,30