Koli prozvedeni predi 
2005
 godina 
55
Koli proizvedeni sled 
2005
 godina vkl
45
