Kiril Mitov,2004
Kiril Mitov,2004
Kiril Mitov,2008
