6,AUGUST,Pointer,2,Seff,Hashimi
7,AUGUSTUS,Pointer,6,Viktor,Zorov
8,AUREOLE,Pointer,11,Ivo,Hristov
