"DL5RT","27.12","FM"
"S7VTD","28.6","FM"
"TA2AHT","145.45","FM"
"TA4SVX","145.600","FM"