programer,60590.2
director,35755.01
cook,32601.0
taxi driver,20005.43
sport,17845.19
