tracksuit,42.50
sneakers,99.90
sweatshirt,99.90
sneakers,139.99
sweatshirt,140.90
sneakers,190.30
