tracksuit,56.00,M
tracksuit,71.00,W
sneakers,92.00,W
sweatshirt,110.00,W
sneakers,116.00,M
sweatshirt,120.00,M
