19/10/2013,LAL-MIA,121-115
20/10/2013,LAC-MIA,67-54
21/10/2013,MIA-CHI,123-133
22/10/2013,MIA-LAC,77-145
23/10/2013,LAL-MIA,76-111
24/10/2013,LAC-MIA,146-126
25/10/2013,MIA-CHI,88-126
26/10/2013,MIA-LAC,123-125
