Chadwick Agular,20,taxi driver,20005.43
Hillary Mona,25,cook,7089.00
Elicia Resendez,19,director,6570.75
Boris Delafuente,23,programer,6400.50
Glenda Endo,23,programer,5499.24
Samella Tufts,27,programer,2410.00
Kellie Paulin,23,programer,2400.00
Leota Alvares,25,cook,2359.35
Robbi Liang,27,programer,1674.35
Chastity Budd,25,programer,1585.00
Meagan Riddle,25,sport,1553.15
Ouida Brice,18,director,876.00
Sade Shatley,21,director,20.50
