Chastity Budd,25,programer,1585.00
Robbi Liang,27,programer,1674.35
Kellie Paulin,23,programer,2400.00
Samella Tufts,27,programer,2410.00
Charita Woomer,40,programer,3630.53
Glenda Endo,23,programer,5499.24
Boris Delafuente,23,programer,6400.50
Magaret Caesar,34,programer,60590.20
27,10523.73
