Magaret Caesar,60590.20
Boris Delafuente,6400.50
Glenda Endo,5499.24
Charita Woomer,3630.53
Samella Tufts,2410.00
Kellie Paulin,2400.00
Robbi Liang,1674.35
Chastity Budd,1585.00
