Jaya,Reggae,Bulgaria,16,Pork Pie,27/01/2012
Bon Jovi,Rock,Bulgaria,16,Vasil Levski,10/10/2010
