7,Everton,4,3,1,2,15
6,Southampton,4,3,1,5,15	
9,Hullcity,3,2,3,-2,11
8,ManchesterUnited,3,2,3,1,11
10,NewcastleUnited,3,2,3,-3,11
