Sunderland,-7
CrystalPalace,-6
NorwichCity,-3
WHU,-2
StokeCity,-2
CardiffCity,-2
AstonVilla,-1
SwanseaCity,-1
Fulham,-1
Hullcity,0
WestBromwichAlbion,0
ManchesterUnited,0
NewcastleUnited,0
